// Jest Snapshot v1, https://goo.gl/fbAQLP

exports[`Register component should render itself 1`] = `<Connect(RawRegisterContent) />`;
