// Jest Snapshot v1, https://goo.gl/fbAQLP

exports[`Login component should render itself 1`] = `<Connect(RawLoginContent) />`;
